{
    "items": [
        {
            "identifier": "775ead00-7f50-466f-b89d-73150c9adfc8",
            "title": "a",
            "workshop_date": "2021-12-07",
            "attendees": [],
            "_links": {
                "self": {
                    "href": "\/attendees\/775ead00-7f50-466f-b89d-73150c9adfc8"
                },
                "collection": {
                    "href": "\/attendees"
                }
            }
        },
        {
            "identifier": "8b84bf4a-a8e9-436a-85ce-2f5df8f8a3a2",
            "title": "b",
            "workshop_date": "2021-12-07",
            "attendees": [],
            "_links": {
                "self": {
                    "href": "\/attendees\/8b84bf4a-a8e9-436a-85ce-2f5df8f8a3a2"
                },
                "collection": {
                    "href": "\/attendees"
                }
            }
        },
        {
            "identifier": "531b95c9-05c5-49ac-98ec-e0263f35d83e",
            "title": "c",
            "workshop_date": "2021-12-07",
            "attendees": [],
            "_links": {
                "self": {
                    "href": "\/attendees\/531b95c9-05c5-49ac-98ec-e0263f35d83e"
                },
                "collection": {
                    "href": "\/attendees"
                }
            }
        },
        {
            "identifier": "d0e2cbfd-eff0-4025-90fb-3350aada0939",
            "title": "d",
            "workshop_date": "2021-12-07",
            "attendees": [],
            "_links": {
                "self": {
                    "href": "\/attendees\/d0e2cbfd-eff0-4025-90fb-3350aada0939"
                },
                "collection": {
                    "href": "\/attendees"
                }
            }
        },
        {
            "identifier": "9aa6e731-6058-4f2c-9081-aadeb15db35e",
            "title": "e",
            "workshop_date": "2021-12-07",
            "attendees": [],
            "_links": {
                "self": {
                    "href": "\/attendees\/9aa6e731-6058-4f2c-9081-aadeb15db35e"
                },
                "collection": {
                    "href": "\/attendees"
                }
            }
        }
    ],
    "total": 5,
    "count": 5,
    "_links": {
        "self": {
            "href": "\/workshops?page=1&size=5"
        }
    }
}
